Running 1 CREM collapse calibrations on 1 worker (per-event wall-clock budget 900 s).
CREM calibrations: 1/1
FREE seed 71020 cos0 +0.691294 lab_ps 198.974126878 out 0 ph 3
Running 1 CREM collapse calibrations on 1 worker (per-event wall-clock budget 900 s).
CREM calibrations: 1/1
FREE seed 71021 cos0 -0.319150 lab_ps 198.994102014 out 0 ph 3
Running 1 CREM collapse calibrations on 1 worker (per-event wall-clock budget 900 s).
CREM calibrations: 1/1
FREE seed 71022 cos0 +0.287921 lab_ps 198.960313362 out 0 ph 3
Running 1 CREM collapse calibrations on 1 worker (per-event wall-clock budget 900 s).
CREM calibrations: 1/1
FREE seed 71023 cos0 +0.306111 lab_ps 198.972703597 out 0 ph 3
Running 1 CREM collapse calibrations on 1 worker (per-event wall-clock budget 900 s).
CREM calibrations: 1/1
FREE seed 71024 cos0 -0.802857 lab_ps 198.912654772 out 0 ph 3
Running 1 CREM collapse calibrations on 1 worker (per-event wall-clock budget 900 s).
CREM calibrations: 1/1
FREE seed 71025 cos0 +0.871922 lab_ps 198.970602371 out 0 ph 3
Running 1 CREM collapse calibrations on 1 worker (per-event wall-clock budget 900 s).
CREM calibrations: 1/1
FREE seed 71026 cos0 -0.044463 lab_ps 198.905188491 out 0 ph 3
Running 1 CREM collapse calibrations on 1 worker (per-event wall-clock budget 900 s).
CREM calibrations: 1/1
FREE seed 71027 cos0 +0.783093 lab_ps 198.968708036 out 0 ph 3
Running 1 CREM collapse calibrations on 1 worker (per-event wall-clock budget 900 s).
CREM calibrations: 1/1
FREE seed 71028 cos0 -0.631714 lab_ps 198.932525904 out 0 ph 3
Running 1 CREM collapse calibrations on 1 worker (per-event wall-clock budget 900 s).
CREM calibrations: 1/1
FREE seed 71029 cos0 +0.206980 lab_ps 199.076536004 out 0 ph 3
DONE
