Running 1 CREM collapse calibrations on 1 worker (per-event wall-clock budget 900 s).
CREM calibrations: 1/1
FREE seed 71030 cos0 -0.588411 lab_ps 198.876297599 out 0 ph 3
Running 1 CREM collapse calibrations on 1 worker (per-event wall-clock budget 900 s).
CREM calibrations: 1/1
FREE seed 71031 cos0 -0.071412 lab_ps 198.952349533 out 0 ph 3
Running 1 CREM collapse calibrations on 1 worker (per-event wall-clock budget 900 s).
CREM calibrations: 1/1
FREE seed 71032 cos0 -0.368655 lab_ps 198.887827388 out 0 ph 3
Running 1 CREM collapse calibrations on 1 worker (per-event wall-clock budget 900 s).
CREM calibrations: 1/1
FREE seed 71033 cos0 -0.044494 lab_ps 198.971863836 out 0 ph 3
Running 1 CREM collapse calibrations on 1 worker (per-event wall-clock budget 900 s).
CREM calibrations: 1/1
FREE seed 71034 cos0 +0.658446 lab_ps 198.979819299 out 0 ph 3
Running 1 CREM collapse calibrations on 1 worker (per-event wall-clock budget 900 s).
CREM calibrations: 1/1
FREE seed 71035 cos0 +0.472166 lab_ps 198.946582519 out 0 ph 3
Running 1 CREM collapse calibrations on 1 worker (per-event wall-clock budget 900 s).
CREM calibrations: 1/1
FREE seed 71036 cos0 -0.154184 lab_ps 198.977358466 out 0 ph 3
Running 1 CREM collapse calibrations on 1 worker (per-event wall-clock budget 900 s).
CREM calibrations: 1/1
FREE seed 71037 cos0 +0.281307 lab_ps 198.969322877 out 0 ph 3
Running 1 CREM collapse calibrations on 1 worker (per-event wall-clock budget 900 s).
CREM calibrations: 1/1
FREE seed 71038 cos0 -0.334259 lab_ps 198.892989056 out 0 ph 3
Running 1 CREM collapse calibrations on 1 worker (per-event wall-clock budget 900 s).
CREM calibrations: 1/1
FREE seed 71039 cos0 -0.235697 lab_ps 198.974825109 out 0 ph 3
DONE
