Running 1 CREM collapse calibrations on 1 worker (per-event wall-clock budget 900 s).
CREM calibrations: 1/1
FREE seed 71000 cos0 -0.951754 lab_ps 198.867601266 out 0 ph 3
Running 1 CREM collapse calibrations on 1 worker (per-event wall-clock budget 900 s).
CREM calibrations: 1/1
FREE seed 71001 cos0 +0.648055 lab_ps 198.955905317 out 0 ph 3
Running 1 CREM collapse calibrations on 1 worker (per-event wall-clock budget 900 s).
CREM calibrations: 1/1
FREE seed 71002 cos0 -0.057917 lab_ps 198.997428314 out 0 ph 3
Running 1 CREM collapse calibrations on 1 worker (per-event wall-clock budget 900 s).
CREM calibrations: 1/1
FREE seed 71003 cos0 +0.658373 lab_ps 198.959201286 out 0 ph 3
Running 1 CREM collapse calibrations on 1 worker (per-event wall-clock budget 900 s).
CREM calibrations: 1/1
FREE seed 71004 cos0 -0.004101 lab_ps 198.945146980 out 0 ph 3
Running 1 CREM collapse calibrations on 1 worker (per-event wall-clock budget 900 s).
CREM calibrations: 1/1
FREE seed 71005 cos0 -0.784592 lab_ps 198.897321743 out 0 ph 3
Running 1 CREM collapse calibrations on 1 worker (per-event wall-clock budget 900 s).
CREM calibrations: 1/1
FREE seed 71006 cos0 -0.895389 lab_ps 198.892326995 out 0 ph 3
Running 1 CREM collapse calibrations on 1 worker (per-event wall-clock budget 900 s).
CREM calibrations: 1/1
FREE seed 71007 cos0 -0.253563 lab_ps 198.981909451 out 0 ph 3
Running 1 CREM collapse calibrations on 1 worker (per-event wall-clock budget 900 s).
CREM calibrations: 1/1
FREE seed 71008 cos0 +0.390933 lab_ps 198.918798211 out 0 ph 3
Running 1 CREM collapse calibrations on 1 worker (per-event wall-clock budget 900 s).
CREM calibrations: 1/1
FREE seed 71009 cos0 -0.712531 lab_ps 198.856291755 out 0 ph 3
DONE
