Running 1 CREM collapse calibrations on 1 worker (per-event wall-clock budget 900 s).
CREM calibrations: 1/1
FREE seed 71010 cos0 +0.860150 lab_ps 198.971682148 out 0 ph 3
Running 1 CREM collapse calibrations on 1 worker (per-event wall-clock budget 900 s).
CREM calibrations: 1/1
FREE seed 71011 cos0 -0.376244 lab_ps 198.934625190 out 0 ph 3
Running 1 CREM collapse calibrations on 1 worker (per-event wall-clock budget 900 s).
CREM calibrations: 1/1
FREE seed 71012 cos0 +0.308861 lab_ps 198.942398608 out 0 ph 3
Running 1 CREM collapse calibrations on 1 worker (per-event wall-clock budget 900 s).
CREM calibrations: 1/1
FREE seed 71013 cos0 +0.745206 lab_ps 198.997001833 out 0 ph 3
Running 1 CREM collapse calibrations on 1 worker (per-event wall-clock budget 900 s).
CREM calibrations: 1/1
FREE seed 71014 cos0 +0.636462 lab_ps 198.998950283 out 0 ph 3
Running 1 CREM collapse calibrations on 1 worker (per-event wall-clock budget 900 s).
CREM calibrations: 1/1
FREE seed 71015 cos0 +0.348663 lab_ps 198.985054391 out 0 ph 3
Running 1 CREM collapse calibrations on 1 worker (per-event wall-clock budget 900 s).
CREM calibrations: 1/1
FREE seed 71016 cos0 -0.495124 lab_ps 198.986952837 out 0 ph 3
Running 1 CREM collapse calibrations on 1 worker (per-event wall-clock budget 900 s).
CREM calibrations: 1/1
FREE seed 71017 cos0 -0.159165 lab_ps 198.942999282 out 0 ph 3
Running 1 CREM collapse calibrations on 1 worker (per-event wall-clock budget 900 s).
CREM calibrations: 1/1
FREE seed 71018 cos0 -0.599295 lab_ps 198.977668048 out 0 ph 3
Running 1 CREM collapse calibrations on 1 worker (per-event wall-clock budget 900 s).
CREM calibrations: 1/1
FREE seed 71019 cos0 -0.161554 lab_ps 198.912708650 out 0 ph 3
DONE
