Running 1 CREM collapse calibrations on 1 worker (per-event wall-clock budget 300 s).
CREM calibrations: 1/1
RESULT seed 60060 cos0 0.408648 t_ps 199.455115815 outcome 0 photons 3
Running 1 CREM collapse calibrations on 1 worker (per-event wall-clock budget 300 s).
CREM calibrations: 1/1
RESULT seed 60061 cos0 -0.545899 t_ps 199.448947542 outcome 0 photons 3
Running 1 CREM collapse calibrations on 1 worker (per-event wall-clock budget 300 s).
CREM calibrations: 1/1
RESULT seed 60062 cos0 0.278831 t_ps 199.449188970 outcome 0 photons 3
Running 1 CREM collapse calibrations on 1 worker (per-event wall-clock budget 300 s).
CREM calibrations: 1/1
RESULT seed 60063 cos0 -0.193526 t_ps 199.428008379 outcome 0 photons 3
Running 1 CREM collapse calibrations on 1 worker (per-event wall-clock budget 300 s).
CREM calibrations: 1/1
RESULT seed 60064 cos0 -0.535865 t_ps 199.450880452 outcome 0 photons 3
Running 1 CREM collapse calibrations on 1 worker (per-event wall-clock budget 300 s).
CREM calibrations: 1/1
RESULT seed 60065 cos0 -0.048252 t_ps 216.741173233 outcome 0 photons 3
Running 1 CREM collapse calibrations on 1 worker (per-event wall-clock budget 300 s).
CREM calibrations: 1/1
RESULT seed 60066 cos0 -0.663596 t_ps 199.471629339 outcome 0 photons 3
Running 1 CREM collapse calibrations on 1 worker (per-event wall-clock budget 300 s).
CREM calibrations: 1/1
RESULT seed 60067 cos0 0.462448 t_ps 199.450275178 outcome 0 photons 3
Running 1 CREM collapse calibrations on 1 worker (per-event wall-clock budget 300 s).
CREM calibrations: 1/1
RESULT seed 60068 cos0 -0.503908 t_ps 199.457240204 outcome 0 photons 3
Running 1 CREM collapse calibrations on 1 worker (per-event wall-clock budget 300 s).
CREM calibrations: 1/1
RESULT seed 60069 cos0 -0.489797 t_ps 199.452309729 outcome 0 photons 3
Running 1 CREM collapse calibrations on 1 worker (per-event wall-clock budget 300 s).
CREM calibrations: 1/1
RESULT seed 60070 cos0 0.642514 t_ps 216.737978978 outcome 0 photons 3
Running 1 CREM collapse calibrations on 1 worker (per-event wall-clock budget 300 s).
CREM calibrations: 1/1
RESULT seed 60071 cos0 -0.159778 t_ps 216.755731679 outcome 0 photons 3
Running 1 CREM collapse calibrations on 1 worker (per-event wall-clock budget 300 s).
CREM calibrations: 1/1
RESULT seed 60072 cos0 0.657337 t_ps 199.439812154 outcome 0 photons 3
Running 1 CREM collapse calibrations on 1 worker (per-event wall-clock budget 300 s).
CREM calibrations: 1/1
RESULT seed 60073 cos0 0.104983 t_ps 216.742173915 outcome 0 photons 3
Running 1 CREM collapse calibrations on 1 worker (per-event wall-clock budget 300 s).
CREM calibrations: 1/1
RESULT seed 60074 cos0 -0.270275 t_ps 199.452000767 outcome 0 photons 3
Running 1 CREM collapse calibrations on 1 worker (per-event wall-clock budget 300 s).
CREM calibrations: 1/1
RESULT seed 60075 cos0 -0.053718 t_ps 216.756610193 outcome 0 photons 3
Running 1 CREM collapse calibrations on 1 worker (per-event wall-clock budget 300 s).
CREM calibrations: 1/1
RESULT seed 60076 cos0 0.633073 t_ps 199.447593122 outcome 0 photons 3
Running 1 CREM collapse calibrations on 1 worker (per-event wall-clock budget 300 s).
CREM calibrations: 1/1
RESULT seed 60077 cos0 -0.361710 t_ps 199.459044760 outcome 0 photons 3
Running 1 CREM collapse calibrations on 1 worker (per-event wall-clock budget 300 s).
CREM calibrations: 1/1
RESULT seed 60078 cos0 -0.545998 t_ps 199.466886187 outcome 0 photons 3
Running 1 CREM collapse calibrations on 1 worker (per-event wall-clock budget 300 s).
CREM calibrations: 1/1
RESULT seed 60079 cos0 -0.429326 t_ps 199.446015475 outcome 0 photons 3
DONE
