Running 1 CREM collapse calibrations on 1 worker (per-event wall-clock budget 300 s).
CREM calibrations: 1/1
RESULT seed 60040 cos0 0.003775 t_ps 199.459995914 outcome 0 photons 3
Running 1 CREM collapse calibrations on 1 worker (per-event wall-clock budget 300 s).
CREM calibrations: 1/1
RESULT seed 60041 cos0 -0.829770 t_ps 199.456125800 outcome 0 photons 3
Running 1 CREM collapse calibrations on 1 worker (per-event wall-clock budget 300 s).
CREM calibrations: 1/1
RESULT seed 60042 cos0 0.211998 t_ps 216.726458399 outcome 0 photons 3
Running 1 CREM collapse calibrations on 1 worker (per-event wall-clock budget 300 s).
CREM calibrations: 1/1
RESULT seed 60043 cos0 -0.102618 t_ps 199.452501099 outcome 0 photons 3
Running 1 CREM collapse calibrations on 1 worker (per-event wall-clock budget 300 s).
CREM calibrations: 1/1
RESULT seed 60044 cos0 0.045151 t_ps 199.445735262 outcome 0 photons 3
Running 1 CREM collapse calibrations on 1 worker (per-event wall-clock budget 300 s).
CREM calibrations: 1/1
RESULT seed 60045 cos0 0.765330 t_ps 199.446121009 outcome 0 photons 3
Running 1 CREM collapse calibrations on 1 worker (per-event wall-clock budget 300 s).
CREM calibrations: 1/1
RESULT seed 60046 cos0 -0.878500 t_ps 199.458680524 outcome 0 photons 3
Running 1 CREM collapse calibrations on 1 worker (per-event wall-clock budget 300 s).
CREM calibrations: 1/1
RESULT seed 60047 cos0 0.912132 t_ps 199.443066302 outcome 0 photons 3
Running 1 CREM collapse calibrations on 1 worker (per-event wall-clock budget 300 s).
CREM calibrations: 1/1
RESULT seed 60048 cos0 0.956501 t_ps 199.451866032 outcome 0 photons 3
Running 1 CREM collapse calibrations on 1 worker (per-event wall-clock budget 300 s).
CREM calibrations: 1/1
RESULT seed 60049 cos0 0.508783 t_ps 199.456861631 outcome 0 photons 3
Running 1 CREM collapse calibrations on 1 worker (per-event wall-clock budget 300 s).
CREM calibrations: 1/1
RESULT seed 60050 cos0 -0.073263 t_ps 216.744363612 outcome 0 photons 3
Running 1 CREM collapse calibrations on 1 worker (per-event wall-clock budget 300 s).
CREM calibrations: 1/1
RESULT seed 60051 cos0 0.182008 t_ps 216.739918940 outcome 0 photons 3
Running 1 CREM collapse calibrations on 1 worker (per-event wall-clock budget 300 s).
CREM calibrations: 1/1
RESULT seed 60052 cos0 0.497777 t_ps 216.752001642 outcome 0 photons 3
Running 1 CREM collapse calibrations on 1 worker (per-event wall-clock budget 300 s).
CREM calibrations: 1/1
RESULT seed 60053 cos0 -0.596744 t_ps 199.451326292 outcome 0 photons 3
Running 1 CREM collapse calibrations on 1 worker (per-event wall-clock budget 300 s).
CREM calibrations: 1/1
RESULT seed 60054 cos0 0.419037 t_ps 216.743307437 outcome 0 photons 3
Running 1 CREM collapse calibrations on 1 worker (per-event wall-clock budget 300 s).
CREM calibrations: 1/1
RESULT seed 60055 cos0 0.340080 t_ps 216.738446604 outcome 0 photons 3
Running 1 CREM collapse calibrations on 1 worker (per-event wall-clock budget 300 s).
CREM calibrations: 1/1
RESULT seed 60056 cos0 0.340215 t_ps 199.448724052 outcome 0 photons 3
Running 1 CREM collapse calibrations on 1 worker (per-event wall-clock budget 300 s).
CREM calibrations: 1/1
RESULT seed 60057 cos0 0.348695 t_ps 216.752650181 outcome 0 photons 3
Running 1 CREM collapse calibrations on 1 worker (per-event wall-clock budget 300 s).
CREM calibrations: 1/1
RESULT seed 60058 cos0 -0.066725 t_ps 199.458527081 outcome 0 photons 3
Running 1 CREM collapse calibrations on 1 worker (per-event wall-clock budget 300 s).
CREM calibrations: 1/1
RESULT seed 60059 cos0 0.041856 t_ps 199.458596209 outcome 0 photons 3
DONE
